stage 0 첫 득점: 1/15 after 21 tries, 4s (share 5.22%)
stage 0 첫 득점: 2/15 after 33 tries, 5s (share 9.11%)
stage 0 첫 득점: 3/15 after 93 tries, 9s (share 7.39%)
stage 0 첫 득점: 4/15 after 97 tries, 10s (share 5.83%)
stage 0 첫 득점: 5/15 after 127 tries, 12s (share 5.39%)
stage 0 첫 득점: 6/15 after 387 tries, 38s (share 11.22%)
stage 0 첫 득점: 7/15 after 393 tries, 40s (share 5.94%)
stage 0 첫 득점: 8/15 after 458 tries, 45s (share 10.50%)
stage 0 첫 득점: 9/15 after 467 tries, 47s (share 9.17%)
stage 0 첫 득점: 10/15 after 636 tries, 67s (share 6.00%)
stage 0 첫 득점: 11/15 after 684 tries, 69s (share 5.22%)
stage 0 첫 득점: 12/15 after 743 tries, 76s (share 7.17%)
stage 0 첫 득점: 13/15 after 1054 tries, 97s (share 6.17%)
stage 0 첫 득점: 14/15 after 1119 tries, 101s (share 5.94%)
stage 0 첫 득점: 15/15 after 1256 tries, 107s (share 5.00%)
stage 0: 15 puzzles
stage 1 모아치기: 1/15 after 20 tries, 1s (share 0.75%)
stage 1 모아치기: 2/15 after 23 tries, 2s (share 0.63%)
stage 1 모아치기: 3/15 after 165 tries, 13s (share 1.25%)
stage 1 모아치기: 4/15 after 200 tries, 17s (share 0.96%)
stage 1 모아치기: 5/15 after 203 tries, 19s (share 1.88%)
stage 1 모아치기: 6/15 after 237 tries, 24s (share 0.58%)
stage 1 모아치기: 7/15 after 297 tries, 30s (share 1.04%)
stage 1 모아치기: 8/15 after 409 tries, 39s (share 1.08%)
stage 1 모아치기: 9/15 after 598 tries, 54s (share 0.88%)
stage 1 모아치기: 10/15 after 750 tries, 76s (share 1.08%)
stage 1 모아치기: 11/15 after 766 tries, 77s (share 0.42%)
stage 1 모아치기: 12/15 after 808 tries, 81s (share 0.58%)
stage 1 모아치기: 13/15 after 818 tries, 83s (share 0.83%)
stage 1 모아치기: 14/15 after 961 tries, 91s (share 1.88%)
stage 1 모아치기: 15/15 after 1001 tries, 92s (share 0.83%)
stage 1: 15 puzzles
stage 3 빈쿠션: 1/15 after 7 tries, 4s (share 1.11%)
stage 3 빈쿠션: 2/15 after 18 tries, 8s (share 3.61%)
stage 3 빈쿠션: 3/15 after 54 tries, 16s (share 1.17%)
stage 3 빈쿠션: 4/15 after 65 tries, 20s (share 1.67%)
stage 3 빈쿠션: 5/15 after 67 tries, 21s (share 3.67%)
stage 3 빈쿠션: 6/15 after 87 tries, 23s (share 2.33%)
stage 3 빈쿠션: 7/15 after 152 tries, 39s (share 1.83%)
stage 3 빈쿠션: 8/15 after 170 tries, 46s (share 3.56%)
stage 3 빈쿠션: 9/15 after 191 tries, 52s (share 2.94%)
stage 3 빈쿠션: 10/15 after 192 tries, 53s (share 1.44%)
stage 3 빈쿠션: 11/15 after 209 tries, 55s (share 3.44%)
stage 3 빈쿠션: 12/15 after 214 tries, 57s (share 3.61%)
stage 3 빈쿠션: 13/15 after 218 tries, 60s (share 2.06%)
stage 3 빈쿠션: 14/15 after 219 tries, 61s (share 1.83%)
stage 3 빈쿠션: 15/15 after 222 tries, 62s (share 1.50%)
stage 3: 15 puzzles
stage 6 맛세이 · 점프: 1/15 after 26 tries, 4s (share 1.87%)
stage 6 맛세이 · 점프: 2/15 after 30 tries, 6s (share 3.92%)
stage 6 맛세이 · 점프: 3/15 after 47 tries, 14s (share 2.16%)
stage 6 맛세이 · 점프: 4/15 after 50 tries, 16s (share 2.24%)
stage 6 맛세이 · 점프: 5/15 after 51 tries, 18s (share 1.82%)
stage 6 맛세이 · 점프: 6/15 after 82 tries, 22s (share 1.16%)
stage 6 맛세이 · 점프: 7/15 after 120 tries, 29s (share 3.36%)
stage 6 맛세이 · 점프: 8/15 after 132 tries, 32s (share 1.49%)
stage 6 맛세이 · 점프: 9/15 after 160 tries, 34s (share 2.05%)
stage 6 맛세이 · 점프: 10/15 after 192 tries, 41s (share 1.31%)
stage 6 맛세이 · 점프: 11/15 after 232 tries, 46s (share 2.43%)
stage 6 맛세이 · 점프: 12/15 after 237 tries, 48s (share 2.82%)
stage 6 맛세이 · 점프: 13/15 after 243 tries, 52s (share 4.29%)
stage 6 맛세이 · 점프: 14/15 after 251 tries, 54s (share 3.36%)
stage 6 맛세이 · 점프: 15/15 after 265 tries, 56s (share 1.33%)
stage 6: 15 puzzles
